
> linguaguard@1.0.0 build
> vite build

[36mvite v8.0.16 [32mbuilding client environment for production...[36m[39m
[2Ktransforming...✓ 2519 modules transformed.
rendering chunks...
[31m✗[39m Build failed in 2.97s
[31merror during build:
[31mBuild failed with 4 errors:

[31m[MISSING_EXPORT] [0m"Instagram" is not exported by "node_modules/lucide-react/dist/esm/lucide-react.mjs".
   [38;5;246m╭[0m[38;5;246m─[0m[38;5;246m[[0m src/pages/Connections.tsx:3:61 [38;5;246m][0m
   [38;5;246m│[0m
 [38;5;246m3 │[0m [38;5;249mi[0m[38;5;249mm[0m[38;5;249mp[0m[38;5;249mo[0m[38;5;249mr[0m[38;5;249mt[0m[38;5;249m [0m[38;5;249m{[0m[38;5;249m [0m[38;5;249mL[0m[38;5;249mi[0m[38;5;249mn[0m[38;5;249mk[0m[38;5;249m2[0m[38;5;249m,[0m[38;5;249m [0m[38;5;249mC[0m[38;5;249mh[0m[38;5;249me[0m[38;5;249mc[0m[38;5;249mk[0m[38;5;249mC[0m[38;5;249mi[0m[38;5;249mr[0m[38;5;249mc[0m[38;5;249ml[0m[38;5;249me[0m[38;5;249m2[0m[38;5;249m,[0m[38;5;249m [0m[38;5;249mC[0m[38;5;249ml[0m[38;5;249mo[0m[38;5;249mc[0m[38;5;249mk[0m[38;5;249m,[0m[38;5;249m [0m[38;5;249mX[0m[38;5;249mC[0m[38;5;249mi[0m[38;5;249mr[0m[38;5;249mc[0m[38;5;249ml[0m[38;5;249me[0m[38;5;249m,[0m[38;5;249m [0m[38;5;249mL[0m[38;5;249mo[0m[38;5;249ma[0m[38;5;249md[0m[38;5;249me[0m[38;5;249mr[0m[38;5;249m2[0m[38;5;249m,[0m[38;5;249m [0m[38;5;249mZ[0m[38;5;249ma[0m[38;5;249mp[0m[38;5;249m,[0m[38;5;249m [0mInstagram[38;5;249m,[0m[38;5;249m [0m[38;5;249mT[0m[38;5;249mw[0m[38;5;249mi[0m[38;5;249mt[0m[38;5;249mt[0m[38;5;249me[0m[38;5;249mr[0m[38;5;249m,[0m[38;5;249m [0m[38;5;249mF[0m[38;5;249ma[0m[38;5;249mc[0m[38;5;249me[0m[38;5;249mb[0m[38;5;249mo[0m[38;5;249mo[0m[38;5;249mk[0m[38;5;249m,[0m[38;5;249m [0m[38;5;249mY[0m[38;5;249mo[0m[38;5;249mu[0m[38;5;249mt[0m[38;5;249mu[0m[38;5;249mb[0m[38;5;249me[0m[38;5;249m,[0m[38;5;249m [0m[38;5;249mM[0m[38;5;249me[0m[38;5;249ms[0m[38;5;249ms[0m[38;5;249ma[0m[38;5;249mg[0m[38;5;249me[0m[38;5;249mC[0m[38;5;249mi[0m[38;5;249mr[0m[38;5;249mc[0m[38;5;249ml[0m[38;5;249me[0m[38;5;249m,[0m[38;5;249m [0m[38;5;249mS[0m[38;5;249me[0m[38;5;249mn[0m[38;5;249md[0m[38;5;249m,[0m[38;5;249m [0m[38;5;249mB[0m[38;5;249mo[0m[38;5;249mt[0m[38;5;249m,[0m[38;5;249m [0m[38;5;249mC[0m[38;5;249mp[0m[38;5;249mu[0m[38;5;249m,[0m[38;5;249m [0m[38;5;249mS[0m[38;5;249mp[0m[38;5;249ma[0m[38;5;249mr[0m[38;5;249mk[0m[38;5;249ml[0m[38;5;249me[0m[38;5;249ms[0m[38;5;249m,[0m[38;5;249m [0m[38;5;249mM[0m[38;5;249mu[0m[38;5;249ms[0m[38;5;249mi[0m[38;5;249mc[0m[38;5;249m,[0m[38;5;249m [0m[38;5;249mP[0m[38;5;249ml[0m[38;5;249mu[0m[38;5;249ms[0m[38;5;249m,[0m[38;5;249m [0m[38;5;249mT[0m[38;5;249mr[0m[38;5;249ma[0m[38;5;249ms[0m[38;5;249mh[0m[38;5;249m2[0m[38;5;249m,[0m[38;5;249m [0m[38;5;249mK[0m[38;5;249me[0m[38;5;249my[0m[38;5;249mR[0m[38;5;249mo[0m[38;5;249mu[0m[38;5;249mn[0m[38;5;249md[0m[38;5;249m,[0m[38;5;249m [0m[38;5;249mS[0m[38;5;249mm[0m[38;5;249ma[0m[38;5;249mr[0m[38;5;249mt[0m[38;5;249mp[0m[38;5;249mh[0m[38;5;249mo[0m[38;5;249mn[0m[38;5;249me[0m[38;5;249m,[0m[38;5;249m [0m[38;5;249mS[0m[38;5;249mh[0m[38;5;249mi[0m[38;5;249me[0m[38;5;249ml[0m[38;5;249md[0m[38;5;249mC[0m[38;5;249mh[0m[38;5;249me[0m[38;5;249mc[0m[38;5;249mk[0m[38;5;249m,[0m[38;5;249m [0m[38;5;249mE[0m[38;5;249mx[0m[38;5;249mt[0m[38;5;249me[0m[38;5;249mr[0m[38;5;249mn[0m[38;5;249ma[0m[38;5;249ml[0m[38;5;249mL[0m[38;5;249mi[0m[38;5;249mn[0m[38;5;249mk[0m[38;5;249m,[0m[38;5;249m [0m[38;5;249mU[0m[38;5;249ms[0m[38;5;249me[0m[38;5;249mr[0m[38;5;249m,[0m[38;5;249m [0m[38;5;249mE[0m[38;5;249my[0m[38;5;249me[0m[38;5;249m,[0m[38;5;249m [0m[38;5;249mE[0m[38;5;249my[0m[38;5;249me[0m[38;5;249mO[0m[38;5;249mf[0m[38;5;249mf[0m[38;5;249m [0m[38;5;249m}[0m[38;5;249m [0m[38;5;249mf[0m[38;5;249mr[0m[38;5;249mo[0m[38;5;249mm[0m[38;5;249m [0m[38;5;249m"[0m[38;5;249ml[0m[38;5;249mu[0m[38;5;249mc[0m[38;5;249mi[0m[38;5;249md[0m[38;5;249me[0m[38;5;249m-[0m[38;5;249mr[0m[38;5;249me[0m[38;5;249ma[0m[38;5;249mc[0m[38;5;249mt[0m[38;5;249m"[0m[38;5;249m;[0m
 [38;5;240m  │[0m                                                             ────┬────  
 [38;5;240m  │[0m                                                                 ╰────── Missing export
[38;5;246m───╯[0m

[31m[MISSING_EXPORT] [0m"Twitter" is not exported by "node_modules/lucide-react/dist/esm/lucide-react.mjs".
   [38;5;246m╭[0m[38;5;246m─[0m[38;5;246m[[0m src/pages/Connections.tsx:3:72 [38;5;246m][0m
   [38;5;246m│[0m
 [38;5;246m3 │[0m [38;5;249mi[0m[38;5;249mm[0m[38;5;249mp[0m[38;5;249mo[0m[38;5;249mr[0m[38;5;249mt[0m[38;5;249m [0m[38;5;249m{[0m[38;5;249m [0m[38;5;249mL[0m[38;5;249mi[0m[38;5;249mn[0m[38;5;249mk[0m[38;5;249m2[0m[38;5;249m,[0m[38;5;249m [0m[38;5;249mC[0m[38;5;249mh[0m[38;5;249me[0m[38;5;249mc[0m[38;5;249mk[0m[38;5;249mC[0m[38;5;249mi[0m[38;5;249mr[0m[38;5;249mc[0m[38;5;249ml[0m[38;5;249me[0m[38;5;249m2[0m[38;5;249m,[0m[38;5;249m [0m[38;5;249mC[0m[38;5;249ml[0m[38;5;249mo[0m[38;5;249mc[0m[38;5;249mk[0m[38;5;249m,[0m[38;5;249m [0m[38;5;249mX[0m[38;5;249mC[0m[38;5;249mi[0m[38;5;249mr[0m[38;5;249mc[0m[38;5;249ml[0m[38;5;249me[0m[38;5;249m,[0m[38;5;249m [0m[38;5;249mL[0m[38;5;249mo[0m[38;5;249ma[0m[38;5;249md[0m[38;5;249me[0m[38;5;249mr[0m[38;5;249m2[0m[38;5;249m,[0m[38;5;249m [0m[38;5;249mZ[0m[38;5;249ma[0m[38;5;249mp[0m[38;5;249m,[0m[38;5;249m [0m[38;5;249mI[0m[38;5;249mn[0m[38;5;249ms[0m[38;5;249mt[0m[38;5;249ma[0m[38;5;249mg[0m[38;5;249mr[0m[38;5;249ma[0m[38;5;249mm[0m[38;5;249m,[0m[38;5;249m [0mTwitter[38;5;249m,[0m[38;5;249m [0m[38;5;249mF[0m[38;5;249ma[0m[38;5;249mc[0m[38;5;249me[0m[38;5;249mb[0m[38;5;249mo[0m[38;5;249mo[0m[38;5;249mk[0m[38;5;249m,[0m[38;5;249m [0m[38;5;249mY[0m[38;5;249mo[0m[38;5;249mu[0m[38;5;249mt[0m[38;5;249mu[0m[38;5;249mb[0m[38;5;249me[0m[38;5;249m,[0m[38;5;249m [0m[38;5;249mM[0m[38;5;249me[0m[38;5;249ms[0m[38;5;249ms[0m[38;5;249ma[0m[38;5;249mg[0m[38;5;249me[0m[38;5;249mC[0m[38;5;249mi[0m[38;5;249mr[0m[38;5;249mc[0m[38;5;249ml[0m[38;5;249me[0m[38;5;249m,[0m[38;5;249m [0m[38;5;249mS[0m[38;5;249me[0m[38;5;249mn[0m[38;5;249md[0m[38;5;249m,[0m[38;5;249m [0m[38;5;249mB[0m[38;5;249mo[0m[38;5;249mt[0m[38;5;249m,[0m[38;5;249m [0m[38;5;249mC[0m[38;5;249mp[0m[38;5;249mu[0m[38;5;249m,[0m[38;5;249m [0m[38;5;249mS[0m[38;5;249mp[0m[38;5;249ma[0m[38;5;249mr[0m[38;5;249mk[0m[38;5;249ml[0m[38;5;249me[0m[38;5;249ms[0m[38;5;249m,[0m[38;5;249m [0m[38;5;249mM[0m[38;5;249mu[0m[38;5;249ms[0m[38;5;249mi[0m[38;5;249mc[0m[38;5;249m,[0m[38;5;249m [0m[38;5;249mP[0m[38;5;249ml[0m[38;5;249mu[0m[38;5;249ms[0m[38;5;249m,[0m[38;5;249m [0m[38;5;249mT[0m[38;5;249mr[0m[38;5;249ma[0m[38;5;249ms[0m[38;5;249mh[0m[38;5;249m2[0m[38;5;249m,[0m[38;5;249m [0m[38;5;249mK[0m[38;5;249me[0m[38;5;249my[0m[38;5;249mR[0m[38;5;249mo[0m[38;5;249mu[0m[38;5;249mn[0m[38;5;249md[0m[38;5;249m,[0m[38;5;249m [0m[38;5;249mS[0m[38;5;249mm[0m[38;5;249ma[0m[38;5;249mr[0m[38;5;249mt[0m[38;5;249mp[0m[38;5;249mh[0m[38;5;249mo[0m[38;5;249mn[0m[38;5;249me[0m[38;5;249m,[0m[38;5;249m [0m[38;5;249mS[0m[38;5;249mh[0m[38;5;249mi[0m[38;5;249me[0m[38;5;249ml[0m[38;5;249md[0m[38;5;249mC[0m[38;5;249mh[0m[38;5;249me[0m[38;5;249mc[0m[38;5;249mk[0m[38;5;249m,[0m[38;5;249m [0m[38;5;249mE[0m[38;5;249mx[0m[38;5;249mt[0m[38;5;249me[0m[38;5;249mr[0m[38;5;249mn[0m[38;5;249ma[0m[38;5;249ml[0m[38;5;249mL[0m[38;5;249mi[0m[38;5;249mn[0m[38;5;249mk[0m[38;5;249m,[0m[38;5;249m [0m[38;5;249mU[0m[38;5;249ms[0m[38;5;249me[0m[38;5;249mr[0m[38;5;249m,[0m[38;5;249m [0m[38;5;249mE[0m[38;5;249my[0m[38;5;249me[0m[38;5;249m,[0m[38;5;249m [0m[38;5;249mE[0m[38;5;249my[0m[38;5;249me[0m[38;5;249mO[0m[38;5;249mf[0m[38;5;249mf[0m[38;5;249m [0m[38;5;249m}[0m[38;5;249m [0m[38;5;249mf[0m[38;5;249mr[0m[38;5;249mo[0m[38;5;249mm[0m[38;5;249m [0m[38;5;249m"[0m[38;5;249ml[0m[38;5;249mu[0m[38;5;249mc[0m[38;5;249mi[0m[38;5;249md[0m[38;5;249me[0m[38;5;249m-[0m[38;5;249mr[0m[38;5;249me[0m[38;5;249ma[0m[38;5;249mc[0m[38;5;249mt[0m[38;5;249m"[0m[38;5;249m;[0m
 [38;5;240m  │[0m                                                                        ───┬───  
 [38;5;240m  │[0m                                                                           ╰───── Missing export
[38;5;246m───╯[0m

[31m[MISSING_EXPORT] [0m"Facebook" is not exported by "node_modules/lucide-react/dist/esm/lucide-react.mjs".
   [38;5;246m╭[0m[38;5;246m─[0m[38;5;246m[[0m src/pages/Connections.tsx:3:81 [38;5;246m][0m
   [38;5;246m│[0m
 [38;5;246m3 │[0m [38;5;249mi[0m[38;5;249mm[0m[38;5;249mp[0m[38;5;249mo[0m[38;5;249mr[0m[38;5;249mt[0m[38;5;249m [0m[38;5;249m{[0m[38;5;249m [0m[38;5;249mL[0m[38;5;249mi[0m[38;5;249mn[0m[38;5;249mk[0m[38;5;249m2[0m[38;5;249m,[0m[38;5;249m [0m[38;5;249mC[0m[38;5;249mh[0m[38;5;249me[0m[38;5;249mc[0m[38;5;249mk[0m[38;5;249mC[0m[38;5;249mi[0m[38;5;249mr[0m[38;5;249mc[0m[38;5;249ml[0m[38;5;249me[0m[38;5;249m2[0m[38;5;249m,[0m[38;5;249m [0m[38;5;249mC[0m[38;5;249ml[0m[38;5;249mo[0m[38;5;249mc[0m[38;5;249mk[0m[38;5;249m,[0m[38;5;249m [0m[38;5;249mX[0m[38;5;249mC[0m[38;5;249mi[0m[38;5;249mr[0m[38;5;249mc[0m[38;5;249ml[0m[38;5;249me[0m[38;5;249m,[0m[38;5;249m [0m[38;5;249mL[0m[38;5;249mo[0m[38;5;249ma[0m[38;5;249md[0m[38;5;249me[0m[38;5;249mr[0m[38;5;249m2[0m[38;5;249m,[0m[38;5;249m [0m[38;5;249mZ[0m[38;5;249ma[0m[38;5;249mp[0m[38;5;249m,[0m[38;5;249m [0m[38;5;249mI[0m[38;5;249mn[0m[38;5;249ms[0m[38;5;249mt[0m[38;5;249ma[0m[38;5;249mg[0m[38;5;249mr[0m[38;5;249ma[0m[38;5;249mm[0m[38;5;249m,[0m[38;5;249m [0m[38;5;249mT[0m[38;5;249mw[0m[38;5;249mi[0m[38;5;249mt[0m[38;5;249mt[0m[38;5;249me[0m[38;5;249mr[0m[38;5;249m,[0m[38;5;249m [0mFacebook[38;5;249m,[0m[38;5;249m [0m[38;5;249mY[0m[38;5;249mo[0m[38;5;249mu[0m[38;5;249mt[0m[38;5;249mu[0m[38;5;249mb[0m[38;5;249me[0m[38;5;249m,[0m[38;5;249m [0m[38;5;249mM[0m[38;5;249me[0m[38;5;249ms[0m[38;5;249ms[0m[38;5;249ma[0m[38;5;249mg[0m[38;5;249me[0m[38;5;249mC[0m[38;5;249mi[0m[38;5;249mr[0m[38;5;249mc[0m[38;5;249ml[0m[38;5;249me[0m[38;5;249m,[0m[38;5;249m [0m[38;5;249mS[0m[38;5;249me[0m[38;5;249mn[0m[38;5;249md[0m[38;5;249m,[0m[38;5;249m [0m[38;5;249mB[0m[38;5;249mo[0m[38;5;249mt[0m[38;5;249m,[0m[38;5;249m [0m[38;5;249mC[0m[38;5;249mp[0m[38;5;249mu[0m[38;5;249m,[0m[38;5;249m [0m[38;5;249mS[0m[38;5;249mp[0m[38;5;249ma[0m[38;5;249mr[0m[38;5;249mk[0m[38;5;249ml[0m[38;5;249me[0m[38;5;249ms[0m[38;5;249m,[0m[38;5;249m [0m[38;5;249mM[0m[38;5;249mu[0m[38;5;249ms[0m[38;5;249mi[0m[38;5;249mc[0m[38;5;249m,[0m[38;5;249m [0m[38;5;249mP[0m[38;5;249ml[0m[38;5;249mu[0m[38;5;249ms[0m[38;5;249m,[0m[38;5;249m [0m[38;5;249mT[0m[38;5;249mr[0m[38;5;249ma[0m[38;5;249ms[0m[38;5;249mh[0m[38;5;249m2[0m[38;5;249m,[0m[38;5;249m [0m[38;5;249mK[0m[38;5;249me[0m[38;5;249my[0m[38;5;249mR[0m[38;5;249mo[0m[38;5;249mu[0m[38;5;249mn[0m[38;5;249md[0m[38;5;249m,[0m[38;5;249m [0m[38;5;249mS[0m[38;5;249mm[0m[38;5;249ma[0m[38;5;249mr[0m[38;5;249mt[0m[38;5;249mp[0m[38;5;249mh[0m[38;5;249mo[0m[38;5;249mn[0m[38;5;249me[0m[38;5;249m,[0m[38;5;249m [0m[38;5;249mS[0m[38;5;249mh[0m[38;5;249mi[0m[38;5;249me[0m[38;5;249ml[0m[38;5;249md[0m[38;5;249mC[0m[38;5;249mh[0m[38;5;249me[0m[38;5;249mc[0m[38;5;249mk[0m[38;5;249m,[0m[38;5;249m [0m[38;5;249mE[0m[38;5;249mx[0m[38;5;249mt[0m[38;5;249me[0m[38;5;249mr[0m[38;5;249mn[0m[38;5;249ma[0m[38;5;249ml[0m[38;5;249mL[0m[38;5;249mi[0m[38;5;249mn[0m[38;5;249mk[0m[38;5;249m,[0m[38;5;249m [0m[38;5;249mU[0m[38;5;249ms[0m[38;5;249me[0m[38;5;249mr[0m[38;5;249m,[0m[38;5;249m [0m[38;5;249mE[0m[38;5;249my[0m[38;5;249me[0m[38;5;249m,[0m[38;5;249m [0m[38;5;249mE[0m[38;5;249my[0m[38;5;249me[0m[38;5;249mO[0m[38;5;249mf[0m[38;5;249mf[0m[38;5;249m [0m[38;5;249m}[0m[38;5;249m [0m[38;5;249mf[0m[38;5;249mr[0m[38;5;249mo[0m[38;5;249mm[0m[38;5;249m [0m[38;5;249m"[0m[38;5;249ml[0m[38;5;249mu[0m[38;5;249mc[0m[38;5;249mi[0m[38;5;249md[0m[38;5;249me[0m[38;5;249m-[0m[38;5;249mr[0m[38;5;249me[0m[38;5;249ma[0m[38;5;249mc[0m[38;5;249mt[0m[38;5;249m"[0m[38;5;249m;[0m
 [38;5;240m  │[0m                                                                                 ────┬───  
 [38;5;240m  │[0m                                                                                     ╰───── Missing export
[38;5;246m───╯[0m

[31m[MISSING_EXPORT] [0m"Youtube" is not exported by "node_modules/lucide-react/dist/esm/lucide-react.mjs".
   [38;5;246m╭[0m[38;5;246m─[0m[38;5;246m[[0m src/pages/Connections.tsx:3:91 [38;5;246m][0m
   [38;5;246m│[0m
 [38;5;246m3 │[0m [38;5;249mi[0m[38;5;249mm[0m[38;5;249mp[0m[38;5;249mo[0m[38;5;249mr[0m[38;5;249mt[0m[38;5;249m [0m[38;5;249m{[0m[38;5;249m [0m[38;5;249mL[0m[38;5;249mi[0m[38;5;249mn[0m[38;5;249mk[0m[38;5;249m2[0m[38;5;249m,[0m[38;5;249m [0m[38;5;249mC[0m[38;5;249mh[0m[38;5;249me[0m[38;5;249mc[0m[38;5;249mk[0m[38;5;249mC[0m[38;5;249mi[0m[38;5;249mr[0m[38;5;249mc[0m[38;5;249ml[0m[38;5;249me[0m[38;5;249m2[0m[38;5;249m,[0m[38;5;249m [0m[38;5;249mC[0m[38;5;249ml[0m[38;5;249mo[0m[38;5;249mc[0m[38;5;249mk[0m[38;5;249m,[0m[38;5;249m [0m[38;5;249mX[0m[38;5;249mC[0m[38;5;249mi[0m[38;5;249mr[0m[38;5;249mc[0m[38;5;249ml[0m[38;5;249me[0m[38;5;249m,[0m[38;5;249m [0m[38;5;249mL[0m[38;5;249mo[0m[38;5;249ma[0m[38;5;249md[0m[38;5;249me[0m[38;5;249mr[0m[38;5;249m2[0m[38;5;249m,[0m[38;5;249m [0m[38;5;249mZ[0m[38;5;249ma[0m[38;5;249mp[0m[38;5;249m,[0m[38;5;249m [0m[38;5;249mI[0m[38;5;249mn[0m[38;5;249ms[0m[38;5;249mt[0m[38;5;249ma[0m[38;5;249mg[0m[38;5;249mr[0m[38;5;249ma[0m[38;5;249mm[0m[38;5;249m,[0m[38;5;249m [0m[38;5;249mT[0m[38;5;249mw[0m[38;5;249mi[0m[38;5;249mt[0m[38;5;249mt[0m[38;5;249me[0m[38;5;249mr[0m[38;5;249m,[0m[38;5;249m [0m[38;5;249mF[0m[38;5;249ma[0m[38;5;249mc[0m[38;5;249me[0m[38;5;249mb[0m[38;5;249mo[0m[38;5;249mo[0m[38;5;249mk[0m[38;5;249m,[0m[38;5;249m [0mYoutube[38;5;249m,[0m[38;5;249m [0m[38;5;249mM[0m[38;5;249me[0m[38;5;249ms[0m[38;5;249ms[0m[38;5;249ma[0m[38;5;249mg[0m[38;5;249me[0m[38;5;249mC[0m[38;5;249mi[0m[38;5;249mr[0m[38;5;249mc[0m[38;5;249ml[0m[38;5;249me[0m[38;5;249m,[0m[38;5;249m [0m[38;5;249mS[0m[38;5;249me[0m[38;5;249mn[0m[38;5;249md[0m[38;5;249m,[0m[38;5;249m [0m[38;5;249mB[0m[38;5;249mo[0m[38;5;249mt[0m[38;5;249m,[0m[38;5;249m [0m[38;5;249mC[0m[38;5;249mp[0m[38;5;249mu[0m[38;5;249m,[0m[38;5;249m [0m[38;5;249mS[0m[38;5;249mp[0m[38;5;249ma[0m[38;5;249mr[0m[38;5;249mk[0m[38;5;249ml[0m[38;5;249me[0m[38;5;249ms[0m[38;5;249m,[0m[38;5;249m [0m[38;5;249mM[0m[38;5;249mu[0m[38;5;249ms[0m[38;5;249mi[0m[38;5;249mc[0m[38;5;249m,[0m[38;5;249m [0m[38;5;249mP[0m[38;5;249ml[0m[38;5;249mu[0m[38;5;249ms[0m[38;5;249m,[0m[38;5;249m [0m[38;5;249mT[0m[38;5;249mr[0m[38;5;249ma[0m[38;5;249ms[0m[38;5;249mh[0m[38;5;249m2[0m[38;5;249m,[0m[38;5;249m [0m[38;5;249mK[0m[38;5;249me[0m[38;5;249my[0m[38;5;249mR[0m[38;5;249mo[0m[38;5;249mu[0m[38;5;249mn[0m[38;5;249md[0m[38;5;249m,[0m[38;5;249m [0m[38;5;249mS[0m[38;5;249mm[0m[38;5;249ma[0m[38;5;249mr[0m[38;5;249mt[0m[38;5;249mp[0m[38;5;249mh[0m[38;5;249mo[0m[38;5;249mn[0m[38;5;249me[0m[38;5;249m,[0m[38;5;249m [0m[38;5;249mS[0m[38;5;249mh[0m[38;5;249mi[0m[38;5;249me[0m[38;5;249ml[0m[38;5;249md[0m[38;5;249mC[0m[38;5;249mh[0m[38;5;249me[0m[38;5;249mc[0m[38;5;249mk[0m[38;5;249m,[0m[38;5;249m [0m[38;5;249mE[0m[38;5;249mx[0m[38;5;249mt[0m[38;5;249me[0m[38;5;249mr[0m[38;5;249mn[0m[38;5;249ma[0m[38;5;249ml[0m[38;5;249mL[0m[38;5;249mi[0m[38;5;249mn[0m[38;5;249mk[0m[38;5;249m,[0m[38;5;249m [0m[38;5;249mU[0m[38;5;249ms[0m[38;5;249me[0m[38;5;249mr[0m[38;5;249m,[0m[38;5;249m [0m[38;5;249mE[0m[38;5;249my[0m[38;5;249me[0m[38;5;249m,[0m[38;5;249m [0m[38;5;249mE[0m[38;5;249my[0m[38;5;249me[0m[38;5;249mO[0m[38;5;249mf[0m[38;5;249mf[0m[38;5;249m [0m[38;5;249m}[0m[38;5;249m [0m[38;5;249mf[0m[38;5;249mr[0m[38;5;249mo[0m[38;5;249mm[0m[38;5;249m [0m[38;5;249m"[0m[38;5;249ml[0m[38;5;249mu[0m[38;5;249mc[0m[38;5;249mi[0m[38;5;249md[0m[38;5;249me[0m[38;5;249m-[0m[38;5;249mr[0m[38;5;249me[0m[38;5;249ma[0m[38;5;249mc[0m[38;5;249mt[0m[38;5;249m"[0m[38;5;249m;[0m
 [38;5;240m  │[0m                                                                                           ───┬───  
 [38;5;240m  │[0m                                                                                              ╰───── Missing export
[38;5;246m───╯[0m
[31m
    at aggregateBindingErrorsIntoJsError (file:///C:/Users/Admin/Desktop/PROJECTS/LINGUAGUARD/node_modules/rolldown/dist/shared/error-BuvQYXuZ.mjs:48:18)
    at unwrapBindingResult (file:///C:/Users/Admin/Desktop/PROJECTS/LINGUAGUARD/node_modules/rolldown/dist/shared/error-BuvQYXuZ.mjs:18:128)
    at #build (file:///C:/Users/Admin/Desktop/PROJECTS/LINGUAGUARD/node_modules/rolldown/dist/shared/rolldown-build-CrPk_lZe.mjs:3246:34)
    at async buildEnvironment (file:///C:/Users/Admin/Desktop/PROJECTS/LINGUAGUARD/node_modules/vite/dist/node/chunks/node.js:33253:64)
    at async Object.build (file:///C:/Users/Admin/Desktop/PROJECTS/LINGUAGUARD/node_modules/vite/dist/node/chunks/node.js:33675:19)
    at async Object.buildApp (file:///C:/Users/Admin/Desktop/PROJECTS/LINGUAGUARD/node_modules/vite/dist/node/chunks/node.js:33672:153)
    at async CAC.<anonymous> (file:///C:/Users/Admin/Desktop/PROJECTS/LINGUAGUARD/node_modules/vite/dist/node/cli.js:777:3) {
  errors: [Getter/Setter]
}[39m
